2026-01-07 14:44:14,572 - INFO - === DÉMARRAGE DU SCRAPER LOOPNET ===
2026-01-07 14:44:16,153 - INFO - Navigateur configuré avec succès
2026-01-07 14:44:16,154 - INFO - Navigation vers: https://www.loopnet.com/search/commercial-real-estate/france/for-sale/?sk=fa32b6e2c97f8b3ef7089fe8a9e71a05
2026-01-07 14:44:22,413 - INFO - Pas de cookie banner détecté
2026-01-07 14:44:24,877 - ERROR - Erreur lors de la récupération du nombre de pages: Page.wait_for_selector: Target page, context or browser has been closed
Call log:
  - waiting for locator(".result-count, .total-results-digits, .results-count") to be visible

2026-01-07 14:44:24,878 - INFO - --- Page 1/1 ---
2026-01-07 14:44:24,884 - ERROR - Erreur lors du scraping de la page: Page.wait_for_selector: Target page, context or browser has been closed
2026-01-07 14:44:24,945 - WARNING - Aucune donnée à sauvegarder
2026-01-07 14:44:25,564 - INFO - Navigateur fermé
2026-01-07 14:45:59,461 - INFO - === DÉMARRAGE DU SCRAPER LOOPNET ===
2026-01-07 14:46:00,945 - INFO - Navigateur configuré avec succès (mode anti-détection activé)
2026-01-07 14:46:00,945 - INFO - Test d'accès au site...
2026-01-07 14:46:01,952 - ERROR - Le site LoopNet bloque les connexions depuis votre localisation
2026-01-07 14:46:01,953 - ERROR - 
======================================================================
2026-01-07 14:46:01,953 - ERROR - SOLUTIONS POSSIBLES:
2026-01-07 14:46:01,953 - ERROR - ======================================================================
2026-01-07 14:46:01,953 - ERROR - 1. Utiliser un VPN américain (recommandé)
2026-01-07 14:46:01,954 - ERROR - 2. Configurer un proxy US dans le code (variables USE_PROXY)
2026-01-07 14:46:01,954 - ERROR - 3. Utiliser un serveur/VPS basé aux USA
2026-01-07 14:46:01,954 - ERROR - 4. Scraper un site alternatif non bloqué géographiquement
2026-01-07 14:46:01,954 - ERROR - ======================================================================
2026-01-07 14:46:02,678 - INFO - Navigateur fermé
2026-01-07 14:48:38,489 - INFO - === DÉMARRAGE DU SCRAPER LOOPNET ===
2026-01-07 14:48:39,733 - INFO - Navigateur configuré avec succès (mode anti-détection activé)
2026-01-07 14:48:39,733 - INFO - Test d'accès au site...
2026-01-07 14:48:40,703 - ERROR - Le site LoopNet bloque les connexions depuis votre localisation
2026-01-07 14:48:40,703 - ERROR - 
======================================================================
2026-01-07 14:48:40,703 - ERROR - SOLUTIONS POSSIBLES:
2026-01-07 14:48:40,703 - ERROR - ======================================================================
2026-01-07 14:48:40,703 - ERROR - 1. Utiliser un VPN américain (recommandé)
2026-01-07 14:48:40,703 - ERROR - 2. Configurer un proxy US dans le code (variables USE_PROXY)
2026-01-07 14:48:40,703 - ERROR - 3. Utiliser un serveur/VPS basé aux USA
2026-01-07 14:48:40,703 - ERROR - 4. Scraper un site alternatif non bloqué géographiquement
2026-01-07 14:48:40,703 - ERROR - ======================================================================
2026-01-07 14:48:41,151 - INFO - Navigateur fermé
2026-01-07 14:50:43,291 - INFO - === DÉMARRAGE DU SCRAPER LOOPNET ===
2026-01-07 14:50:44,469 - INFO - Navigateur configuré avec succès (mode anti-détection activé)
2026-01-07 14:50:44,469 - INFO - Test d'accès au site...
2026-01-07 14:50:45,741 - ERROR - Le site LoopNet bloque les connexions depuis votre localisation
2026-01-07 14:50:45,741 - ERROR - 
======================================================================
2026-01-07 14:50:45,742 - ERROR - SOLUTIONS POSSIBLES:
2026-01-07 14:50:45,742 - ERROR - ======================================================================
2026-01-07 14:50:45,742 - ERROR - 1. Utiliser un VPN américain (recommandé)
2026-01-07 14:50:45,742 - ERROR - 2. Configurer un proxy US dans le code (variables USE_PROXY)
2026-01-07 14:50:45,742 - ERROR - 3. Utiliser un serveur/VPS basé aux USA
2026-01-07 14:50:45,742 - ERROR - 4. Scraper un site alternatif non bloqué géographiquement
2026-01-07 14:50:45,742 - ERROR - ======================================================================
2026-01-07 14:50:46,170 - INFO - Navigateur fermé
2026-01-07 14:54:08,535 - INFO - === DÉMARRAGE DU SCRAPER LOOPNET ===
2026-01-07 14:54:09,800 - INFO - Navigateur configuré avec succès (mode anti-détection activé)
2026-01-07 14:54:09,800 - INFO - Test d'accès au site...
2026-01-07 14:54:11,894 - ERROR - Le site LoopNet bloque les connexions depuis votre localisation
2026-01-07 14:54:11,896 - ERROR - 
======================================================================
2026-01-07 14:54:11,896 - ERROR - SOLUTIONS POSSIBLES:
2026-01-07 14:54:11,896 - ERROR - ======================================================================
2026-01-07 14:54:11,896 - ERROR - 1. Utiliser un VPN américain (recommandé)
2026-01-07 14:54:11,896 - ERROR - 2. Configurer un proxy US dans le code (variables USE_PROXY)
2026-01-07 14:54:11,896 - ERROR - 3. Utiliser un serveur/VPS basé aux USA
2026-01-07 14:54:11,896 - ERROR - 4. Scraper un site alternatif non bloqué géographiquement
2026-01-07 14:54:11,896 - ERROR - ======================================================================
2026-01-07 14:54:12,353 - INFO - Navigateur fermé
2026-01-07 15:14:25,036 - INFO - === SCRAPER LOOPNET - MODE ANTI-CLOUDFLARE ===
2026-01-07 15:14:25,037 - INFO - 
2026-01-07 15:14:25,128 - INFO - ======================================================================
2026-01-07 15:14:25,128 - INFO - INSTRUCTIONS:
2026-01-07 15:14:25,128 - INFO - 1. Le navigateur va s'ouvrir
2026-01-07 15:14:25,128 - INFO - 2. Résolvez le challenge Cloudflare si présent
2026-01-07 15:14:25,128 - INFO - 3. Attendez que la page de résultats charge
2026-01-07 15:14:25,128 - INFO - 4. Le scraping commencera automatiquement après 15 secondes
2026-01-07 15:14:25,128 - INFO - ======================================================================
2026-01-07 15:14:31,867 - INFO - Navigation vers: https://www.loopnet.com/search/commercial-real-estate/france/for-sale/?sk=fa32b6e2c97f8b3ef7089fe8a9e71a05&view=map
2026-01-07 15:14:33,198 - INFO - (Si vous voyez les résultats, tout est OK!)
2026-01-07 15:14:34,212 - INFO -    15 secondes restantes...
2026-01-07 15:14:35,229 - INFO -    14 secondes restantes...
2026-01-07 15:14:36,235 - INFO -    13 secondes restantes...
2026-01-07 15:14:37,251 - INFO -    12 secondes restantes...
2026-01-07 15:14:38,265 - INFO -    11 secondes restantes...
2026-01-07 15:14:39,266 - INFO -    10 secondes restantes...
2026-01-07 15:14:40,280 - INFO -    9 secondes restantes...
2026-01-07 15:14:41,294 - INFO -    8 secondes restantes...
2026-01-07 15:14:42,309 - INFO -    7 secondes restantes...
2026-01-07 15:14:43,311 - INFO -    6 secondes restantes...
2026-01-07 15:14:44,327 - INFO -    5 secondes restantes...
2026-01-07 15:14:45,328 - INFO -    4 secondes restantes...
2026-01-07 15:14:46,343 - INFO -    3 secondes restantes...
2026-01-07 15:14:47,359 - INFO -    2 secondes restantes...
2026-01-07 15:14:48,547 - INFO -    1 secondes restantes...
2026-01-07 15:14:48,586 - ERROR - Veuillez résoudre le challenge dans le navigateur qui est ouvert
2026-01-07 15:14:48,586 - INFO - Appuyez sur CTRL+C pour arrêter ou attendez...
2026-01-07 15:15:44,251 - INFO - === SCRAPER LOOPNET - MODE ANTI-CLOUDFLARE ===
2026-01-07 15:15:44,252 - INFO - 
2026-01-07 15:15:44,262 - INFO - ======================================================================
2026-01-07 15:15:44,262 - INFO - INSTRUCTIONS:
2026-01-07 15:15:44,262 - INFO - 1. Le navigateur va s'ouvrir
2026-01-07 15:15:44,262 - INFO - 2. Résolvez le challenge Cloudflare si présent
2026-01-07 15:15:44,262 - INFO - 3. Attendez que la page de résultats charge
2026-01-07 15:15:44,262 - INFO - 4. Le scraping commencera automatiquement après 15 secondes
2026-01-07 15:15:44,262 - INFO - ======================================================================
2026-01-07 15:15:45,619 - INFO - Navigation vers: https://www.loopnet.com/search/commercial-real-estate/france/for-sale/?sk=fa32b6e2c97f8b3ef7089fe8a9e71a05&view=map
2026-01-07 15:15:46,130 - INFO - (Si vous voyez les résultats, tout est OK!)
2026-01-07 15:15:47,148 - INFO -    15 secondes restantes...
2026-01-07 15:15:48,161 - INFO -    14 secondes restantes...
2026-01-07 15:15:49,177 - INFO -    13 secondes restantes...
2026-01-07 15:15:50,191 - INFO -    12 secondes restantes...
2026-01-07 15:15:51,205 - INFO -    11 secondes restantes...
2026-01-07 15:15:52,203 - INFO -    10 secondes restantes...
2026-01-07 15:15:53,217 - INFO -    9 secondes restantes...
2026-01-07 15:15:54,230 - INFO -    8 secondes restantes...
2026-01-07 15:15:55,244 - INFO -    7 secondes restantes...
2026-01-07 15:15:56,257 - INFO -    6 secondes restantes...
2026-01-07 15:15:57,257 - INFO -    5 secondes restantes...
2026-01-07 15:15:58,271 - INFO -    4 secondes restantes...
2026-01-07 15:15:59,285 - INFO -    3 secondes restantes...
2026-01-07 15:16:00,297 - INFO -    2 secondes restantes...
2026-01-07 15:16:01,390 - INFO -    1 secondes restantes...
2026-01-07 15:16:02,238 - ERROR - Veuillez résoudre le challenge dans le navigateur qui est ouvert
2026-01-07 15:16:02,239 - INFO - Appuyez sur CTRL+C pour arrêter ou attendez...
2026-01-07 15:16:32,248 - ERROR - Impossible d'accéder à la page
2026-01-07 15:16:39,428 - INFO - === SCRAPER LOOPNET - MODE ANTI-CLOUDFLARE ===
2026-01-07 15:16:39,429 - INFO - 
2026-01-07 15:16:39,433 - INFO - ======================================================================
2026-01-07 15:16:39,433 - INFO - INSTRUCTIONS:
2026-01-07 15:16:39,433 - INFO - 1. Le navigateur va s'ouvrir
2026-01-07 15:16:39,433 - INFO - 2. Résolvez le challenge Cloudflare si présent
2026-01-07 15:16:39,433 - INFO - 3. Attendez que la page de résultats charge
2026-01-07 15:16:39,433 - INFO - 4. Le scraping commencera automatiquement après 15 secondes
2026-01-07 15:16:39,433 - INFO - ======================================================================
2026-01-07 15:16:40,665 - INFO - Navigation vers: https://www.loopnet.com/search/commercial-real-estate/france/for-sale/?sk=fa32b6e2c97f8b3ef7089fe8a9e71a05&view=map
2026-01-07 15:16:40,815 - INFO - (Si vous voyez les résultats, tout est OK!)
2026-01-07 15:16:41,822 - INFO -    15 secondes restantes...
2026-01-07 15:16:42,843 - INFO -    14 secondes restantes...
2026-01-07 15:16:43,858 - INFO -    13 secondes restantes...
2026-01-07 15:16:44,872 - INFO -    12 secondes restantes...
2026-01-07 15:16:45,873 - INFO -    11 secondes restantes...
2026-01-07 15:16:46,887 - INFO -    10 secondes restantes...
2026-01-07 15:16:47,890 - INFO -    9 secondes restantes...
2026-01-07 15:16:48,900 - INFO -    8 secondes restantes...
2026-01-07 15:16:49,900 - INFO -    7 secondes restantes...
2026-01-07 15:16:50,909 - INFO -    6 secondes restantes...
2026-01-07 15:16:51,913 - INFO -    5 secondes restantes...
2026-01-07 15:16:52,916 - INFO -    4 secondes restantes...
2026-01-07 15:18:05,392 - INFO - === SCRAPER LOOPNET - MODE ANTI-CLOUDFLARE ===
2026-01-07 15:18:05,392 - INFO - 
2026-01-07 15:18:05,397 - INFO - ======================================================================
2026-01-07 15:18:05,397 - INFO - INSTRUCTIONS:
2026-01-07 15:18:05,397 - INFO - 1. Le navigateur va s'ouvrir
2026-01-07 15:18:05,397 - INFO - 2. Résolvez le challenge Cloudflare si présent
2026-01-07 15:18:05,397 - INFO - 3. Attendez que la page de résultats charge
2026-01-07 15:18:05,397 - INFO - 4. Le scraping commencera automatiquement après 15 secondes
2026-01-07 15:18:05,397 - INFO - ======================================================================
2026-01-07 15:18:06,862 - INFO - Navigation vers: https://www.loopnet.com/search/commercial-real-estate/france/for-sale/?sk=fa32b6e2c97f8b3ef7089fe8a9e71a05&view=map
2026-01-07 15:18:06,970 - INFO - (Si vous voyez les résultats, tout est OK!)
2026-01-07 15:18:07,966 - INFO -    15 secondes restantes...
2026-01-07 15:18:08,980 - INFO -    14 secondes restantes...
2026-01-07 15:18:09,995 - INFO -    13 secondes restantes...
2026-01-07 15:18:10,993 - INFO -    12 secondes restantes...
2026-01-07 15:18:12,195 - INFO -    11 secondes restantes...
2026-01-07 15:18:13,215 - INFO -    10 secondes restantes...
2026-01-07 15:18:14,216 - INFO -    9 secondes restantes...
2026-01-07 15:18:15,219 - INFO -    8 secondes restantes...
2026-01-07 15:18:16,220 - INFO -    7 secondes restantes...
2026-01-07 15:18:17,222 - INFO -    6 secondes restantes...
2026-01-07 15:18:18,237 - INFO -    5 secondes restantes...
2026-01-07 15:18:19,245 - INFO -    4 secondes restantes...
2026-01-07 15:18:20,251 - INFO -    3 secondes restantes...
2026-01-07 15:18:21,252 - INFO -    2 secondes restantes...
2026-01-07 15:18:22,256 - INFO -    1 secondes restantes...
2026-01-07 15:18:22,270 - ERROR - Erreur: Page.content: Target page, context or browser has been closed
2026-01-07 15:18:22,270 - ERROR - Impossible d'accéder à la page
